> Task :app:checkKotlinGradlePluginConfigurationErrors SKIPPED
> Task :app:preBuild UP-TO-DATE
> Task :app:preDebugBuild UP-TO-DATE
> Task :app:checkDebugAarMetadata UP-TO-DATE
> Task :app:processDebugNavigationResources UP-TO-DATE
> Task :app:compileDebugNavigationResources UP-TO-DATE
> Task :app:generateDebugResValues UP-TO-DATE
> Task :app:injectCrashlyticsMappingFileIdDebug UP-TO-DATE
> Task :app:processDebugGoogleServices UP-TO-DATE
> Task :app:mapDebugSourceSetPaths UP-TO-DATE
> Task :app:generateDebugResources UP-TO-DATE
> Task :app:mergeDebugResources UP-TO-DATE
> Task :app:packageDebugResources UP-TO-DATE
> Task :app:parseDebugLocalResources UP-TO-DATE
> Task :app:createDebugCompatibleScreenManifests UP-TO-DATE
> Task :app:extractDeepLinksDebug UP-TO-DATE
> Task :app:processDebugMainManifest UP-TO-DATE
> Task :app:processDebugManifest UP-TO-DATE
> Task :app:processDebugManifestForPackage UP-TO-DATE
> Task :app:processDebugResources UP-TO-DATE

> Task :app:compileDebugKotlin FAILED
e: file:///E:/Cursor%20Play%20ground/PVC-Perseverance/app/src/main/java/com/perseverance/pvc/MainActivity.kt:366:22 No value passed for parameter 'authViewModel'.
e: file:///E:/Cursor%20Play%20ground/PVC-Perseverance/app/src/main/java/com/perseverance/pvc/data/SocialRepository.kt:4:28 Unresolved reference 'auth'.
e: file:///E:/Cursor%20Play%20ground/PVC-Perseverance/app/src/main/java/com/perseverance/pvc/data/SocialRepository.kt:5:28 Unresolved reference 'firestore'.
e: file:///E:/Cursor%20Play%20ground/PVC-Perseverance/app/src/main/java/com/perseverance/pvc/data/SocialRepository.kt:6:28 Unresolved reference 'firestore'.
e: file:///E:/Cursor%20Play%20ground/PVC-Perseverance/app/src/main/java/com/perseverance/pvc/data/SocialRepository.kt:7:28 Unresolved reference 'firestore'.
e: file:///E:/Cursor%20Play%20ground/PVC-Perseverance/app/src/main/java/com/perseverance/pvc/data/SocialRepository.kt:34:22 Unresolved reference 'FirebaseFirestore'.
e: file:///E:/Cursor%20Play%20ground/PVC-Perseverance/app/src/main/java/com/perseverance/pvc/data/SocialRepository.kt:35:24 Unresolved reference 'FirebaseAuth'.
e: file:///E:/Cursor%20Play%20ground/PVC-Perseverance/app/src/main/java/com/perseverance/pvc/data/SocialRepository.kt:55:32 Unresolved reference 'SetOptions'.
e: file:///E:/Cursor%20Play%20ground/PVC-Perseverance/app/src/main/java/com/perseverance/pvc/data/SocialRepository.kt:56:18 None of the following candidates is applicable:
suspend fun <T> Task<T>.await(): T
suspend fun <T> Task<T>.await(cancellationTokenSource: CancellationTokenSource): T
e: file:///E:/Cursor%20Play%20ground/PVC-Perseverance/app/src/main/java/com/perseverance/pvc/data/SocialRepository.kt:112:14 None of the following candidates is applicable:
suspend fun <T> Task<T>.await(): T
suspend fun <T> Task<T>.await(cancellationTokenSource: CancellationTokenSource): T
e: file:///E:/Cursor%20Play%20ground/PVC-Perseverance/app/src/main/java/com/perseverance/pvc/data/SocialRepository.kt:114:22 Function invocation 'isEmpty()' expected.
e: file:///E:/Cursor%20Play%20ground/PVC-Perseverance/app/src/main/java/com/perseverance/pvc/data/SocialRepository.kt:118:26 Cannot infer type for this parameter. Please specify it explicitly.
e: file:///E:/Cursor%20Play%20ground/PVC-Perseverance/app/src/main/java/com/perseverance/pvc/data/SocialRepository.kt:118:35 Unresolved reference 'documents'.
e: file:///E:/Cursor%20Play%20ground/PVC-Perseverance/app/src/main/java/com/perseverance/pvc/data/SocialRepository.kt:119:36 Unresolved reference 'getString'.
e: file:///E:/Cursor%20Play%20ground/PVC-Perseverance/app/src/main/java/com/perseverance/pvc/data/SocialRepository.kt:129:14 None of the following candidates is applicable:
suspend fun <T> Task<T>.await(): T
suspend fun <T> Task<T>.await(cancellationTokenSource: CancellationTokenSource): T
e: file:///E:/Cursor%20Play%20ground/PVC-Perseverance/app/src/main/java/com/perseverance/pvc/data/SocialRepository.kt:131:23 Unresolved reference 'size'.
e: file:///E:/Cursor%20Play%20ground/PVC-Perseverance/app/src/main/java/com/perseverance/pvc/data/SocialRepository.kt:146:14 None of the following candidates is applicable:
suspend fun <T> Task<T>.await(): T
suspend fun <T> Task<T>.await(cancellationTokenSource: CancellationTokenSource): T
e: file:///E:/Cursor%20Play%20ground/PVC-Perseverance/app/src/main/java/com/perseverance/pvc/data/SocialRepository.kt:148:61 Unresolved reference 'getString'.
e: file:///E:/Cursor%20Play%20ground/PVC-Perseverance/app/src/main/java/com/perseverance/pvc/data/SocialRepository.kt:166:14 None of the following candidates is applicable:
suspend fun <T> Task<T>.await(): T
suspend fun <T> Task<T>.await(cancellationTokenSource: CancellationTokenSource): T
e: file:///E:/Cursor%20Play%20ground/PVC-Perseverance/app/src/main/java/com/perseverance/pvc/data/SocialRepository.kt:179:14 None of the following candidates is applicable:
suspend fun <T> Task<T>.await(): T
suspend fun <T> Task<T>.await(cancellationTokenSource: CancellationTokenSource): T
e: file:///E:/Cursor%20Play%20ground/PVC-Perseverance/app/src/main/java/com/perseverance/pvc/data/SocialRepository.kt:186:14 Cannot infer type for this parameter. Please specify it explicitly.
e: file:///E:/Cursor%20Play%20ground/PVC-Perseverance/app/src/main/java/com/perseverance/pvc/data/SocialRepository.kt:200:75 Unresolved reference 'uid'.
e: file:///E:/Cursor%20Play%20ground/PVC-Perseverance/app/src/main/java/com/perseverance/pvc/data/SocialRepository.kt:203:14 None of the following candidates is applicable:
suspend fun <T> Task<T>.await(): T
suspend fun <T> Task<T>.await(cancellationTokenSource: CancellationTokenSource): T
e: file:///E:/Cursor%20Play%20ground/PVC-Perseverance/app/src/main/java/com/perseverance/pvc/data/SocialRepository.kt:205:41 Unresolved reference 'documents'.
e: file:///E:/Cursor%20Play%20ground/PVC-Perseverance/app/src/main/java/com/perseverance/pvc/data/SocialRepository.kt:205:55 Unresolved reference 'id'.
e: file:///E:/Cursor%20Play%20ground/PVC-Perseverance/app/src/main/java/com/perseverance/pvc/data/SocialRepository.kt:205:57 Unresolved reference 'it'.
e: file:///E:/Cursor%20Play%20ground/PVC-Perseverance/app/src/main/java/com/perseverance/pvc/data/SocialRepository.kt:207:23 Overload resolution ambiguity between candidates:
fun <T> Array<out T>.isEmpty(): Boolean
fun BooleanArray.isEmpty(): Boolean
fun ByteArray.isEmpty(): Boolean
fun CharArray.isEmpty(): Boolean
fun DoubleArray.isEmpty(): Boolean
fun FloatArray.isEmpty(): Boolean
fun IntArray.isEmpty(): Boolean
fun LongArray.isEmpty(): Boolean
fun ShortArray.isEmpty(): Boolean
fun CharSequence.isEmpty(): Boolean
e: file:///E:/Cursor%20Play%20ground/PVC-Perseverance/app/src/main/java/com/perseverance/pvc/data/SocialRepository.kt:218:36 Cannot infer type for this parameter. Please specify it explicitly.
e: file:///E:/Cursor%20Play%20ground/PVC-Perseverance/app/src/main/java/com/perseverance/pvc/data/SocialRepository.kt:218:46 Cannot infer type for this parameter. Please specify it explicitly.
e: file:///E:/Cursor%20Play%20ground/PVC-Perseverance/app/src/main/java/com/perseverance/pvc/data/SocialRepository.kt:220:50 Argument type mismatch: actual type is 'kotlin.Any', but 'kotlin.Throwable?' was expected.
e: file:///E:/Cursor%20Play%20ground/PVC-Perseverance/app/src/main/java/com/perseverance/pvc/data/SocialRepository.kt:221:21 Return type mismatch: expected 'ERROR CLASS: Cannot infer type variable TypeVariable(_L)', actual 'kotlin.Unit'.
e: file:///E:/Cursor%20Play%20ground/PVC-Perseverance/app/src/main/java/com/perseverance/pvc/data/SocialRepository.kt:225:44 Unresolved reference 'toObjects'.
e: file:///E:/Cursor%20Play%20ground/PVC-Perseverance/app/src/main/java/com/perseverance/pvc/data/remote/SupabaseClient.kt:3:29 Unresolved reference 'BuildConfig'.
e: file:///E:/Cursor%20Play%20ground/PVC-Perseverance/app/src/main/java/com/perseverance/pvc/data/remote/SupabaseClient.kt:13:23 Unresolved reference 'BuildConfig'.
e: file:///E:/Cursor%20Play%20ground/PVC-Perseverance/app/src/main/java/com/perseverance/pvc/data/remote/SupabaseClient.kt:14:23 Unresolved reference 'BuildConfig'.
e: file:///E:/Cursor%20Play%20ground/PVC-Perseverance/app/src/main/java/com/perseverance/pvc/data/repository/AuthRepository.kt:8:29 Unresolved reference 'BuildConfig'.
e: file:///E:/Cursor%20Play%20ground/PVC-Perseverance/app/src/main/java/com/perseverance/pvc/data/repository/AuthRepository.kt:79:29 Unresolved reference 'BuildConfig'.
e: file:///E:/Cursor%20Play%20ground/PVC-Perseverance/app/src/main/java/com/perseverance/pvc/data/repository/AuthRepository.kt:97:30 Unresolved reference 'idToken'.
e: file:///E:/Cursor%20Play%20ground/PVC-Perseverance/app/src/main/java/com/perseverance/pvc/data/repository/AuthRepository.kt:126:37 Unresolved reference 'BuildConfig'.
e: file:///E:/Cursor%20Play%20ground/PVC-Perseverance/app/src/main/java/com/perseverance/pvc/ui/screens/GroupScreen.kt:13:28 Unresolved reference 'auth'.
e: file:///E:/Cursor%20Play%20ground/PVC-Perseverance/app/src/main/java/com/perseverance/pvc/ui/screens/GroupScreen.kt:50:58 Unresolved reference 'auth'.
e: file:///E:/Cursor%20Play%20ground/PVC-Perseverance/app/src/main/java/com/perseverance/pvc/ui/screens/GroupScreen.kt:51:38 Unresolved reference 'FirebaseAuth'.
e: file:///E:/Cursor%20Play%20ground/PVC-Perseverance/app/src/main/java/com/perseverance/pvc/ui/screens/GroupScreen.kt:51:98 Cannot infer type for this parameter. Please specify it explicitly.
e: file:///E:/Cursor%20Play%20ground/PVC-Perseverance/app/src/main/java/com/perseverance/pvc/ui/screens/GroupScreen.kt:54:32 Argument type mismatch: actual type is 'R?', but 'com.perseverance.pvc.utils.UserData?' was expected.
e: file:///E:/Cursor%20Play%20ground/PVC-Perseverance/app/src/main/java/com/perseverance/pvc/ui/screens/GroupScreen.kt:54:43 Unresolved reference 'user'.
e: file:///E:/Cursor%20Play%20ground/PVC-Perseverance/app/src/main/java/com/perseverance/pvc/ui/screens/GroupScreen.kt:54:49 Cannot infer type for this parameter. Please specify it explicitly.
e: file:///E:/Cursor%20Play%20ground/PVC-Perseverance/app/src/main/java/com/perseverance/pvc/ui/screens/GroupScreen.kt:54:55 Cannot infer type for this parameter. Please specify it explicitly.
e: file:///E:/Cursor%20Play%20ground/PVC-Perseverance/app/src/main/java/com/perseverance/pvc/ui/screens/GroupScreen.kt:56:47 Unresolved reference 'uid'.
e: file:///E:/Cursor%20Play%20ground/PVC-Perseverance/app/src/main/java/com/perseverance/pvc/ui/screens/GroupScreen.kt:57:49 Unresolved reference 'displayName'.
e: file:///E:/Cursor%20Play%20ground/PVC-Perseverance/app/src/main/java/com/perseverance/pvc/ui/screens/GroupScreen.kt:58:58 Unresolved reference 'photoUrl'.
e: file:///E:/Cursor%20Play%20ground/PVC-Perseverance/app/src/main/java/com/perseverance/pvc/ui/screens/GroupScreen.kt:59:46 Unresolved reference 'email'.
e: file:///E:/Cursor%20Play%20ground/PVC-Perseverance/app/src/main/java/com/perseverance/pvc/ui/screens/GroupScreen.kt:62:40 Argument type mismatch: actual type is 'kotlin.Nothing?', but 'kotlin.String?' was expected.
e: file:///E:/Cursor%20Play%20ground/PVC-Perseverance/app/src/main/java/com/perseverance/pvc/ui/viewmodel/SocialViewModel.kt:46:32 Unresolved reference 'uid'.
e: file:///E:/Cursor%20Play%20ground/PVC-Perseverance/app/src/main/java/com/perseverance/pvc/ui/viewmodel/SocialViewModel.kt:47:40 Unresolved reference 'displayName'.
e: file:///E:/Cursor%20Play%20ground/PVC-Perseverance/app/src/main/java/com/perseverance/pvc/ui/viewmodel/SocialViewModel.kt:48:34 Unresolved reference 'email'.
e: file:///E:/Cursor%20Play%20ground/PVC-Perseverance/app/src/main/java/com/perseverance/pvc/ui/viewmodel/SocialViewModel.kt:49:37 Unresolved reference 'photoUrl'.
e: file:///E:/Cursor%20Play%20ground/PVC-Perseverance/app/src/main/java/com/perseverance/pvc/utils/GoogleAuthClient.kt:12:28 Unresolved reference 'auth'.
e: file:///E:/Cursor%20Play%20ground/PVC-Perseverance/app/src/main/java/com/perseverance/pvc/utils/GoogleAuthClient.kt:13:28 Unresolved reference 'auth'.
e: file:///E:/Cursor%20Play%20ground/PVC-Perseverance/app/src/main/java/com/perseverance/pvc/utils/GoogleAuthClient.kt:14:28 Unresolved reference 'auth'.
e: file:///E:/Cursor%20Play%20ground/PVC-Perseverance/app/src/main/java/com/perseverance/pvc/utils/GoogleAuthClient.kt:21:23 Unresolved reference 'FirebaseAuth'.
e: file:///E:/Cursor%20Play%20ground/PVC-Perseverance/app/src/main/java/com/perseverance/pvc/utils/GoogleAuthClient.kt:21:38 Unresolved reference 'FirebaseAuth'.
e: file:///E:/Cursor%20Play%20ground/PVC-Perseverance/app/src/main/java/com/perseverance/pvc/utils/GoogleAuthClient.kt:24:34 Unresolved reference 'currentUser'.
e: file:///E:/Cursor%20Play%20ground/PVC-Perseverance/app/src/main/java/com/perseverance/pvc/utils/GoogleAuthClient.kt:45:18 Unresolved reference 'signOut'.
e: file:///E:/Cursor%20Play%20ground/PVC-Perseverance/app/src/main/java/com/perseverance/pvc/utils/GoogleAuthClient.kt:57:30 Unresolved reference 'GoogleAuthProvider'.
e: file:///E:/Cursor%20Play%20ground/PVC-Perseverance/app/src/main/java/com/perseverance/pvc/utils/GoogleAuthClient.kt:58:35 Unresolved reference 'signInWithCredential'.
e: file:///E:/Cursor%20Play%20ground/PVC-Perseverance/app/src/main/java/com/perseverance/pvc/utils/GoogleAuthClient.kt:58:68 Cannot infer type for this parameter. Please specify it explicitly.
e: file:///E:/Cursor%20Play%20ground/PVC-Perseverance/app/src/main/java/com/perseverance/pvc/utils/GoogleAuthClient.kt:59:35 Unresolved reference 'user'.
e: file:///E:/Cursor%20Play%20ground/PVC-Perseverance/app/src/main/java/com/perseverance/pvc/utils/GoogleAuthClient.kt:62:24 Argument type mismatch: actual type is 'R?', but 'com.perseverance.pvc.utils.UserData?' was expected.
e: file:///E:/Cursor%20Play%20ground/PVC-Perseverance/app/src/main/java/com/perseverance/pvc/utils/GoogleAuthClient.kt:62:30 Cannot infer type for this parameter. Please specify it explicitly.
e: file:///E:/Cursor%20Play%20ground/PVC-Perseverance/app/src/main/java/com/perseverance/pvc/utils/GoogleAuthClient.kt:62:34 Cannot infer type for this parameter. Please specify it explicitly.
e: file:///E:/Cursor%20Play%20ground/PVC-Perseverance/app/src/main/java/com/perseverance/pvc/utils/GoogleAuthClient.kt:64:34 Unresolved reference 'uid'.
e: file:///E:/Cursor%20Play%20ground/PVC-Perseverance/app/src/main/java/com/perseverance/pvc/utils/GoogleAuthClient.kt:65:36 Unresolved reference 'displayName'.
e: file:///E:/Cursor%20Play%20ground/PVC-Perseverance/app/src/main/java/com/perseverance/pvc/utils/GoogleAuthClient.kt:66:45 Unresolved reference 'photoUrl'.
e: file:///E:/Cursor%20Play%20ground/PVC-Perseverance/app/src/main/java/com/perseverance/pvc/utils/GoogleAuthClient.kt:67:33 Unresolved reference 'email'.
e: file:///E:/Cursor%20Play%20ground/PVC-Perseverance/app/src/main/java/com/perseverance/pvc/utils/GoogleAuthClient.kt:70:32 Argument type mismatch: actual type is 'kotlin.Nothing?', but 'kotlin.String?' was expected.

FAILURE: Build failed with an exception.

* What went wrong:
Execution failed for task ':app:compileDebugKotlin'.
> A failure occurred while executing org.jetbrains.kotlin.compilerRunner.GradleCompilerRunnerWithWorkers$GradleKotlinCompilerWorkAction
   > Compilation error. See log for more details

* Try:
> Run with --stacktrace option to get the stack trace.
> Run with --info or --debug option to get more log output.
> Run with --scan to get full insights.
> Get more help at https://help.gradle.org.

BUILD FAILED in 4s
18 actionable tasks: 1 executed, 17 up-to-date
